[2025-11-16 22:17:19] Logger initialized
[2025-11-16 22:17:19] Accepting connections at 127.0.0.1:1234
[2025-11-16 22:17:27] Incoming connection from 127.0.0.1:62515
[2025-11-16 22:17:31] Incoming connection from 127.0.0.1:62516
[2025-11-16 22:17:31] Player A is now known as lu
[2025-11-16 22:17:31] Player B is now known as luwewe
[2025-11-16 22:17:31] luwewe -> GetState
[2025-11-16 22:17:31] lu -> GetState
[2025-11-16 22:17:35] Failed to read from tcp stream: failed to fill whole buffer
[2025-11-16 22:17:35] Failed to read from tcp stream: failed to fill whole buffer
[2025-11-16 22:17:59] Incoming connection from 127.0.0.1:62528
[2025-11-16 22:18:21] Incoming connection from 127.0.0.1:62537
[2025-11-16 22:18:21] Failed to read from connection while waiting for opponent: Se ha forzado la interrupción de una conexión existente por el host remoto. (os error 10054)
[2025-11-16 22:18:43] Incoming connection from 127.0.0.1:62538
[2025-11-16 22:19:11] Incoming connection from 127.0.0.1:62541
[2025-11-16 22:19:11] Failed to read from connection while waiting for opponent: Se ha forzado la interrupción de una conexión existente por el host remoto. (os error 10054)
[2025-11-16 22:19:31] Incoming connection from 127.0.0.1:62550
[2025-11-16 22:19:31] Player B is now known as LUC
[2025-11-16 22:19:31] LUC -> GetState
[2025-11-16 22:19:31] Player A is now known as LU
[2025-11-16 22:19:31] LU -> GetState
[2025-11-16 22:19:41] Failed to read from tcp stream: failed to fill whole buffer
[2025-11-16 22:19:41] Failed to read from tcp stream: failed to fill whole buffer
[2025-11-16 22:23:25] Incoming connection from 127.0.0.1:62606
[2025-11-16 22:23:36] Incoming connection from 127.0.0.1:62609
[2025-11-16 22:23:36] Player B is now known as lucas
[2025-11-16 22:23:36] lucas -> GetState
[2025-11-16 22:23:36] Player A is now known as lu
[2025-11-16 22:23:36] lu -> GetState
[2025-11-16 22:23:38] lu -> PlaceBoat from (0, 0) to (0, 4)
[2025-11-16 22:23:38] lu -> PlaceBoat from (0, 5) to (0, 8)
[2025-11-16 22:23:39] lu -> PlaceBoat from (1, 1) to (1, 3)
[2025-11-16 22:23:40] lu -> PlaceBoat from (1, 4) to (1, 6)
[2025-11-16 22:23:41] lu -> PlaceBoat from (1, 7) to (1, 8)
[2025-11-16 22:23:42] lu -> PlaceBoat from (2, 0) to (2, 1)
[2025-11-16 22:23:43] lucas -> PlaceBoat from (0, 0) to (0, 4)
[2025-11-16 22:23:44] lucas -> PlaceBoat from (0, 5) to (0, 8)
[2025-11-16 22:23:45] lucas -> PlaceBoat from (1, 0) to (1, 2)
[2025-11-16 22:23:45] lucas -> PlaceBoat from (1, 3) to (1, 5)
[2025-11-16 22:23:46] lucas -> PlaceBoat from (1, 6) to (1, 7)
[2025-11-16 22:23:46] lucas -> PlaceBoat from (1, 8) to (1, 9)
[2025-11-16 22:23:48] lucas -> Hit at (0, 1)
[2025-11-16 22:23:50] lu -> Hit at (0, 2)
[2025-11-16 22:23:51] lucas -> Hit at (0, 0)
[2025-11-16 22:23:53] lu -> Hit at (0, 1)
[2025-11-16 22:23:55] lucas -> Hit at (0, 2)
[2025-11-16 22:23:56] lu -> Hit at (0, 3)
[2025-11-16 22:24:00] lucas -> Hit at (0, 3)
[2025-11-16 22:24:01] lu -> Hit at (0, 4)
[2025-11-16 22:24:03] lucas -> Hit at (0, 4)
[2025-11-16 22:24:04] lu -> Hit at (0, 5)
[2025-11-16 22:24:05] lucas -> Hit at (0, 5)
[2025-11-16 22:24:06] lu -> Hit at (0, 6)
[2025-11-16 22:24:08] lucas -> Hit at (0, 6)
[2025-11-16 22:24:09] lu -> Hit at (0, 7)
[2025-11-16 22:24:10] lucas -> Hit at (0, 7)
[2025-11-16 22:24:11] lu -> Hit at (0, 8)
[2025-11-16 22:24:12] lucas -> Hit at (0, 8)
[2025-11-16 22:24:14] lu -> Hit at (0, 9)
[2025-11-16 22:24:18] lucas -> Hit at (1, 0)
[2025-11-16 22:24:20] lu -> Hit at (0, 0)
[2025-11-16 22:24:23] lucas -> Hit at (1, 1)
[2025-11-16 22:24:24] lu -> Hit at (1, 1)
[2025-11-16 22:24:27] lucas -> Hit at (1, 2)
[2025-11-16 22:24:28] lu -> Hit at (1, 0)
[2025-11-16 22:24:30] lucas -> Hit at (1, 3)
[2025-11-16 22:24:32] lu -> Hit at (1, 2)
[2025-11-16 22:24:33] lucas -> Hit at (1, 4)
[2025-11-16 22:24:34] lu -> Hit at (1, 3)
[2025-11-16 22:24:35] lucas -> Hit at (1, 5)
[2025-11-16 22:24:37] lu -> Hit at (1, 5)
[2025-11-16 22:24:38] lucas -> Hit at (1, 6)
[2025-11-16 22:24:39] lu -> Hit at (1, 6)
[2025-11-16 22:24:41] lucas -> Hit at (1, 7)
[2025-11-16 22:24:42] lu -> Hit at (1, 8)
[2025-11-16 22:24:45] lucas -> Hit at (1, 8)
[2025-11-16 22:24:47] lu -> Hit at (1, 9)
[2025-11-16 22:24:49] lucas -> Hit at (2, 0)
[2025-11-16 22:24:50] lu -> Hit at (1, 4)
[2025-11-16 22:25:00] lucas -> Hit at (2, 1)
[2025-11-16 22:25:00] Failed to read from tcp stream: failed to fill whole buffer
[2025-11-16 22:27:56] Incoming connection from 127.0.0.1:62653
